success: true
exit_code: 0
----- stdout -----
Compare modules by an attribute across multiple Terraform sources.

This reads module blocks from the specified sources and compares a given attribute
(like 'source' or 'version') across them. Can be useful for ensuring consistency
across environments.

Example tflens.yml:
---
compareModules:
  # list of configured comparisons
  comparisons:
    # will be used when specifying the comparison to be run
    - name: apps
      # the attribute to use for comparison
      attributeKey: source
      # where to look for terraform files
      sources:
        - path: environments/dev/virginia/apps/main.tf
          # this label will appear in the comparison output
          label: dev
        - path: environments/prod/virginia/apps/main.tf
          label: prod-us
        - path: environments/prod/frankfurt/apps/main.tf
          # regex to extract the desired string from the attribute value
          # only applies to this source, overrides the global valueRegex
          # optional
          valueRegex: "v?(\\d+\\.\\d+\\.\\d+)"
          label: prod-eu

  # regex to extract the desired string from the attribute value
  # applies to all comparisons
  # optional
  valueRegex: "v?(\\d+\\.\\d+\\.\\d+)"
---

$ tflens compare-modules apps

module      dev       prod-us    prod-eu    in-sync
module_a    1.0.24    1.0.24     1.0.24     ✓
module_b    0.2.0     0.2.0      -          ✗
module_c    1.1.1     1.1.1      1.1.0      ✗

Usage:
  tflens compare-modules <COMPARISON> [flags]

Flags:
  -c, --config-path string   path to tflens' configuration file (default "tflens.yml")
  -h, --help                 help for compare-modules

----- stderr -----

