success: true
exit_code: 0
----- stdout -----
Configuration is valid

----- stderr -----

