module      staging    prod      in-sync
module_a    1.0.22     1.0.22    ✓
module_c    0.1.0      0.1.0     ✓
module_d    0.2.0      0.2.0     ✓
